
C:\Windows\system32>cd..

C:\Windows>cd..

C:\>cd Example

C:\Example>cd example1

C:\Example\example1>virtualenv venv
Using base prefix 'c:\\bitnami\\django~1.6-0\\python'
New python executable in C:\Example\example1\venv\Scripts\python.exe
Installing setuptools, pip, wheel...done.

C:\Example\example1>cd venv

C:\Example\example1\venv>mkdir app

C:\Example\example1\venv>cd app

C:\Example\example1\venv\app>touch app
'touch' is not recognized as an internal or external command,
operable program or batch file.

C:\Example\example1\venv\app>cd..

C:\Example\example1\venv>cd Script
The system cannot find the path specified.

C:\Example\example1\venv>cd Scripts

C:\Example\example1\venv\Scripts>activate

(venv) C:\Example\example1\venv\Scripts>pip install flask
Collecting flask
  Using cached https://files.pythonhosted.org/packages/7f/e7/08578774ed4536d3242b14dacb4696386634607af824ea997202cd0edb4b/Flask-1.0.2-py2.py3-none-any.whl
Collecting Jinja2>=2.10 (from flask)
  Using cached https://files.pythonhosted.org/packages/7f/ff/ae64bacdfc95f27a016a7bed8e8686763ba4d277a78ca76f32659220a731/Jinja2-2.10-py2.py3-none-any.whl
Collecting Werkzeug>=0.14 (from flask)
  Using cached https://files.pythonhosted.org/packages/20/c4/12e3e56473e52375aa29c4764e70d1b8f3efa6682bef8d0aae04fe335243/Werkzeug-0.14.1-py2.py3-none-any.whl
Collecting click>=5.1 (from flask)
  Using cached https://files.pythonhosted.org/packages/34/c1/8806f99713ddb993c5366c362b2f908f18269f8d792aff1abfd700775a77/click-6.7-py2.py3-none-any.whl
Collecting itsdangerous>=0.24 (from flask)
  Using cached https://files.pythonhosted.org/packages/dc/b4/a60bcdba945c00f6d608d8975131ab3f25b22f2bcfe1dab221165194b2d4/itsdangerous-0.24.tar.gz
Collecting MarkupSafe>=0.23 (from Jinja2>=2.10->flask)
  Using cached https://files.pythonhosted.org/packages/4d/de/32d741db316d8fdb7680822dd37001ef7a448255de9699ab4bfcbdf4172b/MarkupSafe-1.0.tar.gz
Building wheels for collected packages: itsdangerous, MarkupSafe
  Running setup.py bdist_wheel for itsdangerous ... done
  Stored in directory: C:\Users\consultadd\AppData\Local\pip\Cache\wheels\2c\4a\61\5599631c1554768c6290b08c02c72d7317910374ca602ff1e5
  Running setup.py bdist_wheel for MarkupSafe ... done
  Stored in directory: C:\Users\consultadd\AppData\Local\pip\Cache\wheels\33\56\20\ebe49a5c612fffe1c5a632146b16596f9e64676768661e4e46
Successfully built itsdangerous MarkupSafe
Installing collected packages: MarkupSafe, Jinja2, Werkzeug, click, itsdangerous, flask
Successfully installed Jinja2-2.10 MarkupSafe-1.0 Werkzeug-0.14.1 click-6.7 flask-1.0.2 itsdangerous-0.24

(venv) C:\Example\example1\venv\Scripts>python app.py
python: can't open file 'app.py': [Errno 2] No such file or directory

(venv) C:\Example\example1\venv\Scripts>cd ../app

(venv) C:\Example\example1\venv\app>python app.py
 * Serving Flask app "app" (lazy loading)
 * Environment: production
   WARNING: Do not use the development server in a production environment.
   Use a production WSGI server instead.
 * Debug mode: off
 * Running on http://127.0.0.1:5000/ (Press CTRL+C to quit)

(venv) C:\Example\example1\venv\app>python dbcon.py
Traceback (most recent call last):
  File "dbcon.py", line 3, in <module>
    import psycopg2
ModuleNotFoundError: No module named 'psycopg2'

(venv) C:\Example\example1\venv\app>python flask_demo.py

(venv) C:\Example\example1\venv\app>python dbconnect.py
python: can't open file 'dbconnect.py': [Errno 2] No such file or directory

(venv) C:\Example\example1\venv\app>python dbcon.py
Traceback (most recent call last):
  File "dbcon.py", line 3, in <module>
    import psycopg2
ModuleNotFoundError: No module named 'psycopg2'

(venv) C:\Example\example1\venv\app>python app.py
 * Serving Flask app "app" (lazy loading)
 * Environment: production
   WARNING: Do not use the development server in a production environment.
   Use a production WSGI server instead.
 * Debug mode: off
 * Running on http://127.0.0.1:5000/ (Press CTRL+C to quit)

(venv) C:\Example\example1\venv\app>python flask_demo.py

(venv) C:\Example\example1\venv\app>python app.py
 * Serving Flask app "app" (lazy loading)
 * Environment: production
   WARNING: Do not use the development server in a production environment.
   Use a production WSGI server instead.
 * Debug mode: off
 * Running on http://127.0.0.1:5000/ (Press CTRL+C to quit)